
   WARN  Unable to respect the `PHP_CLI_SERVER_WORKERS` environment variable without the `--no-reload` flag. Only creating a single server.

   INFO  Server running on [http://127.0.0.1:8000].

  Press Ctrl+C to stop the server

  2026-09-27 08:15:34 /login ..................................... ~ 500.42ms
  2026-09-27 08:16:57 /login ..................................... ~ 500.40ms
  2026-09-27 08:18:18 /login ..................................... ~ 500.51ms
  2026-09-27 08:19:45 /login ..................................... ~ 500.45ms
  2026-09-27 08:19:45 /build/assets/app-PrJ-YxB0.css ............... ~ 0.04ms
  2026-09-27 08:19:45 /build/assets/app-BL4WfotM.js ................ ~ 0.08ms
  2026-09-27 08:19:45 /build/assets/preload-helper-BfFHrpNk.js ..... ~ 0.29ms
  2026-09-27 08:19:45 /build/assets/use-appearance-DMkYfdZU.js ..... ~ 0.37ms
  2026-09-27 08:19:45 /build/assets/index.esm-CSn8GsrT.js .......... ~ 0.46ms
  2026-09-27 08:19:45 /build/assets/index-CHrLX8_g.js .............. ~ 0.56ms
  2026-09-27 08:19:45 /build/assets/login-C9ouV6B5.js .............. ~ 0.69ms
  2026-09-27 08:19:45 /build/assets/text-link-Ch1ewWs4.js .......... ~ 0.08ms
  2026-09-27 08:19:45 /build/assets/form-input-BNSe1UVm.js ......... ~ 0.19ms
  2026-09-27 08:19:45 /build/assets/input-error-nQXHV-zb.js ........ ~ 0.35ms
  2026-09-27 08:19:45 /build/assets/createLucideIcon-C6H7rr_-.js ... ~ 0.45ms
  2026-09-27 08:19:45 /build/assets/checkbox-BvmuVs47.js ........... ~ 0.51ms
  2026-09-27 08:19:45 /build/assets/label-Dljv0ft_.js .............. ~ 0.61ms
  2026-09-27 08:19:45 /build/assets/password-input-BCphmodZ.js ..... ~ 0.07ms
  2026-09-27 08:19:45 /build/assets/chart-column-DJUnEf1C.js ....... ~ 0.15ms
  2026-09-27 08:19:45 /build/assets/shield-check-3LtrMnkO.js ....... ~ 0.24ms
  2026-09-27 08:19:45 /build/assets/loader-circle-DjTJh42w.js ...... ~ 0.33ms
  2026-09-27 08:19:45 /build/assets/store-Bn7p2jPx.js .............. ~ 0.42ms
  2026-09-27 08:19:45 /build/assets/input-QzzaN_Go.js .............. ~ 0.63ms
  2026-09-27 08:19:45 /build/assets/index-z00rBlIs.js .............. ~ 0.20ms
  2026-09-27 08:19:45 /build/assets/index-BY-z3bck.js .............. ~ 0.32ms
  2026-09-27 08:19:45 /build/assets/eye-CHj46E9Y.js ................ ~ 0.30ms
  2026-09-27 08:21:08 /login ....................................... ~ 0.11ms
  2026-09-27 08:21:08 /build/assets/app-PrJ-YxB0.css ............... ~ 0.03ms
  2026-09-27 08:21:08 /build/assets/app-BL4WfotM.js ................ ~ 0.07ms
  2026-09-27 08:21:08 /build/assets/preload-helper-BfFHrpNk.js ..... ~ 0.28ms
  2026-09-27 08:21:08 /build/assets/index.esm-CSn8GsrT.js .......... ~ 0.36ms
  2026-09-27 08:21:08 /build/assets/use-appearance-DMkYfdZU.js ..... ~ 0.47ms
  2026-09-27 08:21:08 /build/assets/index-CHrLX8_g.js .............. ~ 0.56ms
  2026-09-27 08:21:08 /build/assets/login-C9ouV6B5.js .............. ~ 0.69ms
  2026-09-27 08:21:08 /build/assets/text-link-Ch1ewWs4.js .......... ~ 0.05ms
  2026-09-27 08:21:08 /build/assets/form-input-BNSe1UVm.js ......... ~ 0.17ms
  2026-09-27 08:21:08 /build/assets/input-error-nQXHV-zb.js ........ ~ 0.32ms
  2026-09-27 08:21:08 /build/assets/createLucideIcon-C6H7rr_-.js ... ~ 0.60ms
  2026-09-27 08:21:08 /build/assets/checkbox-BvmuVs47.js ........... ~ 0.22ms
  2026-09-27 08:21:08 /build/assets/label-Dljv0ft_.js .............. ~ 0.32ms
  2026-09-27 08:21:08 /build/assets/password-input-BCphmodZ.js ..... ~ 0.35ms
  2026-09-27 08:21:08 /build/assets/chart-column-DJUnEf1C.js ....... ~ 0.43ms
  2026-09-27 08:21:08 /build/assets/shield-check-3LtrMnkO.js ....... ~ 0.57ms
  2026-09-27 08:21:08 /build/assets/loader-circle-DjTJh42w.js ...... ~ 0.40ms
  2026-09-27 08:21:08 /build/assets/store-Bn7p2jPx.js .............. ~ 0.52ms
  2026-09-27 08:21:08 /build/assets/input-QzzaN_Go.js .............. ~ 0.31ms
  2026-09-27 08:21:08 /build/assets/index-z00rBlIs.js .............. ~ 0.33ms
  2026-09-27 08:21:08 /build/assets/index-BY-z3bck.js .............. ~ 0.46ms
  2026-09-27 08:21:08 /build/assets/eye-CHj46E9Y.js ................ ~ 0.59ms
  2026-09-27 08:21:09 /login ..................................... ~ 501.76ms
  2026-09-27 08:21:09 /dashboard ................................... ~ 0.04ms
  2026-09-27 08:21:09 /build/assets/badge-BnQ8cF1x.js .............. ~ 0.07ms
  2026-09-27 08:21:09 /build/assets/tabs-cao71jWi.js ............... ~ 0.23ms
  2026-09-27 08:21:09 /build/assets/dropdown-menu-BcgFRHhC.js ...... ~ 0.45ms
  2026-09-27 08:21:09 /build/assets/use-money-format-DkkH5B5o.js ... ~ 0.54ms
  2026-09-27 08:21:09 /build/assets/dashboard-Bp0NbV4y.js .......... ~ 0.64ms
  2026-09-27 08:21:09 /build/assets/app-layout-QSpu2zCI.js ......... ~ 0.72ms
  2026-09-27 08:21:09 /build/assets/wallet-isF5sD9z.js ............. ~ 0.05ms
  2026-09-27 08:21:09 /build/assets/key-round-DbG23X1Y.js .......... ~ 0.17ms
  2026-09-27 08:21:09 /build/assets/select-CbmfKPH5.js ............. ~ 0.06ms
  2026-09-27 08:21:09 /build/assets/date-range-filter-ChkNF2z0.js .. ~ 0.85ms
  2026-09-27 08:21:09 /build/assets/rotate-ccw-Dg1DWkL5.js ......... ~ 0.36ms
  2026-09-27 08:21:09 /build/assets/credit-card-B9l2Q27x.js ........ ~ 0.46ms
  2026-09-27 08:21:09 /build/assets/arrow-up-right-Db2qT2qf.js ..... ~ 0.55ms
  2026-09-27 08:21:10 /_boost/browser-logs ......................... ~ 0.21ms
  2026-09-27 08:21:11 /products/create ............................. ~ 0.15ms
  2026-09-27 08:21:12 /build/assets/app-PrJ-YxB0.css ............... ~ 0.03ms
  2026-09-27 08:21:12 /build/assets/create-gTT-YpU6.js ............. ~ 0.08ms
  2026-09-27 08:21:12 /build/assets/product-form-Do2bUQ8R.js ....... ~ 0.20ms
  2026-09-27 08:21:12 /build/assets/preload-helper-BfFHrpNk.js ..... ~ 0.28ms
  2026-09-27 08:21:12 /build/assets/use-appearance-DMkYfdZU.js ..... ~ 0.34ms
  2026-09-27 08:21:12 /build/assets/app-BL4WfotM.js ................ ~ 0.45ms
  2026-09-27 08:21:12 /build/assets/index.esm-CSn8GsrT.js .......... ~ 0.62ms
  2026-09-27 08:21:12 /build/assets/index-CHrLX8_g.js .............. ~ 0.06ms
  2026-09-27 08:21:12 /build/assets/lookup-manager-modal-C7N2ooS1.js  ~ 0.19ms
  2026-09-27 08:21:12 /build/assets/confirm-dialog-CpCEdnxz.js ..... ~ 0.24ms
  2026-09-27 08:21:12 /build/assets/pencil-BJ5XoaHF.js ............. ~ 0.34ms
  2026-09-27 08:21:12 /build/assets/trash-2-CI1j2ce1.js ............ ~ 0.28ms
  2026-09-27 08:21:12 /build/assets/app-layout-QSpu2zCI.js ......... ~ 0.45ms
  2026-09-27 08:21:12 /build/assets/money-input-C2-bcqjF.js ........ ~ 0.55ms
  2026-09-27 08:21:12 /build/assets/searchable-select-DrHHqgIA.js .. ~ 0.43ms
  2026-09-27 08:21:12 /build/assets/switch-MSWbF5ZN.js ............. ~ 0.50ms
  2026-09-27 08:21:12 /build/assets/createLucideIcon-C6H7rr_-.js ... ~ 0.66ms
  2026-09-27 08:21:12 /build/assets/input-QzzaN_Go.js .............. ~ 0.12ms
  2026-09-27 08:21:12 /build/assets/index-BY-z3bck.js .............. ~ 0.28ms
  2026-09-27 08:21:12 /build/assets/index-z00rBlIs.js .............. ~ 0.41ms
  2026-09-27 08:21:12 /build/assets/dropdown-menu-BcgFRHhC.js ...... ~ 0.58ms
  2026-09-27 08:21:12 /build/assets/use-money-format-DkkH5B5o.js ... ~ 0.45ms
  2026-09-27 08:21:12 /build/assets/wallet-isF5sD9z.js ............. ~ 0.53ms
  2026-09-27 08:21:12 /build/assets/shield-check-3LtrMnkO.js ....... ~ 0.66ms
  2026-09-27 08:21:12 /build/assets/chart-column-DJUnEf1C.js ....... ~ 0.35ms
  2026-09-27 08:21:12 /build/assets/input-error-nQXHV-zb.js ........ ~ 0.08ms
  2026-09-27 08:21:12 /build/assets/form-input-BNSe1UVm.js ......... ~ 0.37ms
  2026-09-27 08:21:12 /build/assets/label-Dljv0ft_.js .............. ~ 0.34ms
  2026-09-27 08:21:12 /build/assets/key-round-DbG23X1Y.js .......... ~ 0.97ms
  2026-09-27 08:21:12 /build/assets/select-CbmfKPH5.js ............. ~ 0.59ms
  2026-09-27 08:21:12 /build/assets/loader-circle-DjTJh42w.js ...... ~ 0.71ms
  2026-09-27 08:21:15 /products/1 .................................. ~ 0.10ms
  2026-09-27 08:21:15 /build/assets/app-PrJ-YxB0.css ............... ~ 0.03ms
  2026-09-27 08:21:15 /build/assets/app-BL4WfotM.js ................ ~ 0.09ms
  2026-09-27 08:21:15 /build/assets/show-Db6Uxo9d.js ............... ~ 0.23ms
  2026-09-27 08:21:15 /build/assets/preload-helper-BfFHrpNk.js ..... ~ 0.35ms
  2026-09-27 08:21:15 /build/assets/stock-adjustment-modal-hkFO0gBQ.js  ~ 0.71ms
  2026-09-27 08:21:15 /build/assets/product-status-badge-D0pSMWXz.js  ~ 0.77ms
  2026-09-27 08:21:15 /build/assets/index.esm-CSn8GsrT.js .......... ~ 0.82ms
  2026-09-27 08:21:15 /build/assets/data-table-pagination-B8Pxlq_0.js  ~ 0.08ms
  2026-09-27 08:21:15 /build/assets/use-appearance-DMkYfdZU.js ..... ~ 0.12ms
  2026-09-27 08:21:15 /build/assets/format-date--VSkCOkP.js ........ ~ 0.20ms
  2026-09-27 08:21:15 /build/assets/index-CHrLX8_g.js .............. ~ 0.29ms
  2026-09-27 08:21:15 /build/assets/form-modal-CqQHxMdz.js ......... ~ 0.20ms
  2026-09-27 08:21:15 /build/assets/textarea-BXCdiEgu.js ........... ~ 0.22ms
  2026-09-27 08:21:15 /build/assets/status-tones-BEGEXJiz.js ....... ~ 0.33ms
  2026-09-27 08:21:15 /build/assets/badge-BnQ8cF1x.js .............. ~ 0.42ms
  2026-09-27 08:21:15 /build/assets/app-layout-QSpu2zCI.js ......... ~ 1.80ms
  2026-09-27 08:21:15 /build/assets/createLucideIcon-C6H7rr_-.js ... ~ 1.51ms
  2026-09-27 08:21:15 /build/assets/use-money-format-DkkH5B5o.js ... ~ 0.07ms
  2026-09-27 08:21:15 /build/assets/pencil-BJ5XoaHF.js ............. ~ 0.15ms
  2026-09-27 08:21:15 /build/assets/arrow-up-right-Db2qT2qf.js ..... ~ 0.26ms
  2026-09-27 08:21:15 /build/assets/input-QzzaN_Go.js .............. ~ 0.33ms
  2026-09-27 08:21:15 /build/assets/index-BY-z3bck.js .............. ~ 0.58ms
  2026-09-27 08:21:15 /build/assets/index-z00rBlIs.js .............. ~ 0.64ms
  2026-09-27 08:21:15 /build/assets/dropdown-menu-BcgFRHhC.js ...... ~ 0.35ms
  2026-09-27 08:21:15 /build/assets/wallet-isF5sD9z.js ............. ~ 0.44ms
  2026-09-27 08:21:15 /build/assets/shield-check-3LtrMnkO.js ....... ~ 0.56ms
  2026-09-27 08:21:15 /build/assets/chart-column-DJUnEf1C.js ....... ~ 0.50ms
  2026-09-27 08:21:15 /build/assets/key-round-DbG23X1Y.js .......... ~ 0.48ms
  2026-09-27 08:21:15 /build/assets/form-input-BNSe1UVm.js ......... ~ 0.31ms
  2026-09-27 08:21:15 /build/assets/input-error-nQXHV-zb.js ........ ~ 0.41ms
  2026-09-27 08:21:15 /build/assets/label-Dljv0ft_.js .............. ~ 0.50ms
  2026-09-27 08:21:15 /build/assets/select-CbmfKPH5.js ............. ~ 0.64ms
  2026-09-27 08:21:15 /_boost/browser-logs ......................... ~ 0.11ms
